##############
##  JACoPO  ##
##############

JACoPO: Just Another COupling Program, Obviously
JACoPO.py  Copyright (C) 2016  Daniele Padula, Marco Campetella


###################################
##  Coupling Transition Charges  ##
###################################

Coupling calculated from transition charges according to
J. Phys. Chem. B, 2006, 110, 17268

Donor Structure and Charges:
 C    -2.000000    5.142111    0.146673   -0.047530
 C    -2.000000    4.619111    1.407533    0.021934
 H    -2.000000    5.227910    2.311744   -0.019030
 C    -2.000000    3.196401    1.407827   -0.065530
 H    -2.000000    2.589532    2.314006   -0.032476
 C    -2.000000    2.655142    0.144424    0.063625
 S    -2.000000    3.911631   -1.054106   -0.059161
 C    -2.000000    1.253330   -0.243461   -0.079000
 C    -2.000000    0.708967   -1.504610    0.065166
 H    -2.000000    1.312950   -2.412528    0.012034
 C    -2.000000   -0.708967   -1.504610   -0.065166
 H    -2.000000   -1.312950   -2.412528   -0.012034
 C    -2.000000   -1.253330   -0.243461    0.079000
 S    -2.000000    0.000000    0.958192    0.000000
 C    -2.000000   -2.655142    0.144424   -0.063625
 C    -2.000000   -3.196401    1.407827    0.065530
 H    -2.000000   -2.589532    2.314006    0.032476
 C    -2.000000   -4.619111    1.407533   -0.021934
 H    -2.000000   -5.227910    2.311744    0.019030
 C    -2.000000   -5.142111    0.146673    0.047530
 H    -2.000000   -6.190497   -0.145780    0.027582
 S    -2.000000   -3.911631   -1.054106    0.059161
 H    -2.000000    6.190497   -0.145780   -0.027582

Donor Electric Transition Dipole Moment from Transition Charges in a.u.:
       x        y        z            norm
 -0.0000  -3.0477  -0.0000          3.0477


Acceptor structure and Charges:
 C     2.000000   -4.379863   -2.698078   -0.047534
 C     2.000000   -3.296501   -3.528515    0.021929
 H     2.000000   -3.371631   -4.615984   -0.019027
 C     2.000000   -2.064251   -2.817415   -0.065510
 H     2.000000   -1.085598   -3.298754   -0.032477
 C     2.000000   -2.227209   -1.452646    0.063625
 S     2.000000   -3.914625   -1.042933   -0.059167
 C     2.000000   -1.207146   -0.415822   -0.078988
 C     2.000000   -1.366288    0.948547    0.065089
 H     2.000000   -2.343312    1.432836    0.012036
 C     2.000000   -0.138322    1.657514   -0.065084
 H     2.000000   -0.069216    2.745786   -0.012035
 C     2.000000    0.963685    0.837508    0.078978
 S     2.000000    0.479096   -0.829819   -0.000003
 C     2.000000    2.371633    1.202496   -0.063587
 C     2.000000    3.472078    0.378987    0.065485
 H     2.000000    3.399604   -0.709222    0.032474
 C     2.000000    4.704034    1.090596   -0.021950
 H     2.000000    5.683375    0.611926    0.019026
 C     2.000000    4.526536    2.444033    0.047553
 H     2.000000    5.288238    3.221498    0.027582
 S     2.000000    2.860519    2.868698    0.059167
 H     2.000000   -5.434018   -2.969000   -0.027584

Acceptor Electric Transition Dipole Moment from Transition Charges in a.u.:
       x        y        z            norm
 -0.0000   2.6394   1.5240          3.0478


Orientation Factor:
-0.87     

Electronic Coupling according to PDA from Dipoles from Transition Charges in cm-1:
-4087.678563  

Electronic Coupling in cm-1:
-712.878089   


#####################################
##  Coupling Transition Densities  ##
#####################################

Coupling calculated from transition densities according to
J. Phys. Chem. B, 1998, 102, 5378


Donor Electric Transition Dipole Moment from Transition Density in a.u.:
       x        y        z            norm
 -0.0000  -2.9964  -0.0029          2.9964


Acceptor Electric Transition Dipole Moment from Transition Density in a.u.:
       x        y        z            norm
  0.0000   2.5904   1.4957          2.9913


Orientation Factor:
-0.87     

Electronic Coupling according to PDA from Dipoles from Transition Densities in cm-1:
-3946.337661  

Electronic Coupling in cm-1:
-740.370707   


#####################
##  Results Table  ##
#####################


# Method          Coupling (cm-1)
#--------------------------------
 Tr Chgs            -712.878089 
 PDA Dip Chgs      -4087.678563 
 Tr Den             -740.370707 
 PDA Dip Den       -3946.337661 
