############################################################
##                         JACoPO                         ##
############################################################

JACoPO: Just Another COupling Program, Obviously
JACoPO Copyright (C) 2016 Daniele Padula, Marco Campetella

============================================================
Options

Chgs1File            mon.chg             
Chgs2File            mon.chg             
Coup                 chgs                
Cub1File             None                
Cub2File             None                
Dip1File             None                
Dip2File             None                
Fac1                 1.0                 
Fac2                 1.0                 
FinGeo1File          mon1.xyz            
FinGeo2File          mon2.xyz            
IniGeo1File          None                
IniGeo2File          None                
OutFile              None                
SaveCub              False               
Sel1Cub              None                
Sel1Geo              None                
Sel2Cub              None                
Sel2Geo              None                
Thresh               1e-05               
Verb                 3                   
============================================================


============================================================
Results of the calculation with the CHGS method


------------------------------------------------------------
               Transition Dipole Moments (au)               

----------------------   Monomer 1   -----------------------
Method        x            y            z          norm
------------------------------------------------------------
CHGS       0.000000    -3.047657     0.000000     3.047657

----------------------   Monomer 2   -----------------------
Method        x            y            z          norm
------------------------------------------------------------
CHGS      -0.000000     2.639349     1.523829     3.047658
------------------------------------------------------------

Orientation Factor CHGS:  -0.8660

------------------------------------------------------------
                         Couplings                          

Method                         cm-1           eV
------------------------------------------------------------
CHGS                   -712.85526316  -8.83827877e-02
PDA Dip CHGS          -4087.61851032  -5.06800100e-01
============================================================

