##############
##  JACoPO  ##
##############

JACoPO: Just Another COupling Program, Obviously
JACoPO.py  Copyright (C) 2016  Daniele Padula, Marco Campetella


###################################
##  Coupling Transition Charges  ##
###################################

Coupling calculated from transition charges according to
J. Phys. Chem. B, 2006, 110, 17268

Donor Structure and Charges:
 C    -0.337486   -1.447618    0.652938    0.039376
 C     0.013100   -0.629224    1.757009    0.014678
 C    -1.415879   -2.223837    1.048815    0.022602
 H    -1.945379   -2.961496    0.466720    0.021342
 C    -1.704700   -1.867773    2.383059    0.090383
 H    -2.473991   -2.250922    3.036967    0.032395
 N    -0.857109   -0.921012    2.805136    0.022315
 C     1.009938    0.326510    1.909877   -0.000789
 H     1.673102    0.533723    1.078128    0.000007
 C     1.831115    2.375471    4.783502   -0.022425
 H     2.338211    3.106130    5.393696   -0.021343
 C     0.733780    1.586289    5.187794   -0.090264
 H     0.223137    1.569509    6.139197   -0.032516
 C     2.113756    2.024521    3.472351   -0.038608
 H     2.890144    2.422018    2.835961   -0.022258
 C     1.180218    1.023978    3.099427   -0.014179
 N     0.346028    0.783209    4.188982   -0.022238
 B    -0.834389   -0.249769    4.223058   -0.000098
 F    -2.038080    0.409806    4.457293    0.000017
 F    -0.597777   -1.211517    5.201747    0.000020
 H     0.153820   -1.447618   -0.297598    0.021586

Donor Electric Transition Dipole Moment from Transition Charges in a.u.:
       x        y        z            norm
 -1.2703  -1.7977  -1.4573          2.6399


Acceptor structure and Charges:
 C     0.337486   -1.447618   -0.652938    0.039376
 C    -0.013100   -0.629224   -1.757009    0.014678
 C     1.415879   -2.223837   -1.048815    0.022602
 N     0.857109   -0.921012   -2.805136    0.022315
 C    -1.009938    0.326510   -1.909877   -0.000789
 H     1.945379   -2.961496   -0.466720    0.021342
 C     1.704700   -1.867773   -2.383059    0.090383
 B     0.834389   -0.249769   -4.223058   -0.000098
 H    -1.673102    0.533723   -1.078128    0.000007
 C    -1.180218    1.023978   -3.099427   -0.014179
 H     2.473991   -2.250922   -3.036967    0.032395
 N    -0.346028    0.783209   -4.188982   -0.022238
 F     2.038080    0.409806   -4.457293    0.000017
 F     0.597777   -1.211517   -5.201747    0.000020
 C    -2.113756    2.024521   -3.472351   -0.038608
 C    -0.733780    1.586289   -5.187794   -0.090264
 C    -1.831115    2.375471   -4.783502   -0.022425
 H    -2.890144    2.422018   -2.835961   -0.022258
 H    -0.223137    1.569509   -6.139197   -0.032516
 H    -2.338211    3.106130   -5.393696   -0.021343
 H    -0.153820   -1.447618    0.297598    0.021586

Acceptor Electric Transition Dipole Moment from Transition Charges in a.u.:
       x        y        z            norm
  1.2703  -1.7977   1.4573          2.6399


Electronic Coupling according to PDA from Dipoles from Transition Charges in cm-1:
606.23    

Electronic Coupling in cm-1:
1159.31   


#####################################
##  Coupling Transition Densities  ##
#####################################

Coupling calculated from transition densities according to
J. Phys. Chem. B, 1998, 102, 5378


Donor Electric Transition Dipole Moment from Transition Density in a.u.:
       x        y        z            norm
 -1.2334  -1.7471  -1.4175          2.5657


Acceptor Electric Transition Dipole Moment from Transition Density in a.u.:
       x        y        z            norm
  1.2341  -1.7445   1.4131          2.5619


Electronic Coupling according to PDA from Dipoles from Transition Densities in cm-1:
606.44    

Electronic Coupling in cm-1:
539.26    


#####################
##  Results Table  ##
#####################

 Calculation time: 00:00:42

# Method          Coupling (cm-1)
#--------------------------------
 Tr Chgs          1159.31 
 PDA Dip Chgs      606.23 
 Tr Den            539.26 
 PDA Dip Den       606.44 
