############################################################
##                         JACoPO                         ##
############################################################

JACoPO: Just Another COupling Program, Obviously
JACoPO Copyright (C) 2016 Daniele Padula, Marco Campetella

============================================================
Options

Chgs1File            None                
Chgs2File            None                
Coup                 tdc                 
Cub1File             mon1.cub            
Cub2File             mon2.cub            
Dip1File             None                
Dip2File             None                
Fac1                 1.0                 
Fac2                 1.0                 
FinGeo1File          None                
FinGeo2File          None                
IniGeo1File          None                
IniGeo2File          None                
OutFile              None                
SaveCub              False               
Sel1Cub              None                
Sel1Geo              None                
Sel2Cub              None                
Sel2Geo              None                
SkipCoup             False               
Thresh               1e-05               
Verb                 3                   
============================================================


============================================================
Monomer 1


21

C        -0.33748587    -1.44761740     0.65293787
C         0.01309978    -0.62922385     1.75700873
C        -1.41587895    -2.22383607     1.04881525
H        -1.94537832    -2.96149519     0.46671991
C        -1.70469958    -1.86777238     2.38305858
H        -2.47399026    -2.25092147     3.03696590
N        -0.85710921    -0.92101210     2.80513500
C         1.00993820     0.32651021     1.90987688
H         1.67310135     0.53372273     1.07812796
C         1.83111469     2.37547018     4.78350063
H         2.33821082     3.10612935     5.39369474
C         0.73377972     1.58628826     5.18779246
H         0.22313652     1.56950859     6.13919574
C         2.11375506     2.02452046     3.47235059
H         2.89014307     2.42201766     2.83596062
C         1.18021787     1.02397727     3.09942573
N         0.34602785     0.78320857     4.18898021
B        -0.83438899    -0.24976842     4.22305710
F        -2.03807956     0.40980533     4.45729205
F        -0.59777697    -1.21151657     5.20174580
H         0.15382014    -1.44761740    -0.29759756
============================================================


============================================================
Monomer 2


21

C         0.33748587    -1.44761740    -0.65293787
C        -0.01309978    -0.62922385    -1.75700873
C         1.41587895    -2.22383607    -1.04881525
N         0.85710921    -0.92101210    -2.80513500
C        -1.00993820     0.32651021    -1.90987688
H         1.94537832    -2.96149519    -0.46671991
C         1.70469958    -1.86777238    -2.38305858
B         0.83438899    -0.24976842    -4.22305710
H        -1.67310135     0.53372273    -1.07812796
C        -1.18021787     1.02397727    -3.09942573
H         2.47399026    -2.25092147    -3.03696590
N        -0.34602785     0.78320857    -4.18898021
F         2.03807956     0.40980533    -4.45729205
F         0.59777697    -1.21151657    -5.20174580
C        -2.11375506     2.02452046    -3.47235059
C        -0.73377972     1.58628826    -5.18779246
C        -1.83111469     2.37547018    -4.78350063
H        -2.89014307     2.42201766    -2.83596062
H        -0.22313652     1.56950859    -6.13919574
H        -2.33821082     3.10612935    -5.39369474
H        -0.15382014    -1.44761740     0.29759756
============================================================


============================================================
Results of the calculation with the TDC method


------------------------------------------------------------
               Transition Dipole Moments (au)               

----------------------   Monomer 1   -----------------------
Method        x            y            z          norm
------------------------------------------------------------
TDC      -1.234043    -1.747151    -1.425407     2.570444

----------------------   Monomer 2   -----------------------
Method        x            y            z          norm
------------------------------------------------------------
TDC       1.234302    -1.744547     1.416745     2.564003
------------------------------------------------------------

Orientation Factor TDC:   0.7883

------------------------------------------------------------
                         Couplings                          

Method                         cm-1           eV
------------------------------------------------------------
TDC                    528.67799404   6.55477168e-02
PDA Dip TDC            575.07416404   7.13001087e-02
============================================================

