##############
##  JACoPO  ##
##############

JACoPO: Just Another COupling Program, Obviously
JACoPO.py  Copyright (C) 2016  Daniele Padula, Marco Campetella


#####################################
##  Coupling Transition Densities  ##
#####################################

Coupling calculated from transition densities according to
J. Phys. Chem. B, 1998, 102, 5378


Donor Electric Transition Dipole Moment from Transition Density in a.u.:
       x        y        z            norm
 -1.2334  -1.7471  -1.4175          2.5657


Acceptor Electric Transition Dipole Moment from Transition Density in a.u.:
       x        y        z            norm
  1.2341  -1.7445   1.4131          2.5619


Electronic Coupling according to PDA from Dipoles from Transition Densities in cm-1:
606.44    

Electronic Coupling in cm-1:
539.26    


#####################
##  Results Table  ##
#####################

 Calculation time: 00:00:37

# Method          Coupling (cm-1)
#--------------------------------
 Tr Den            539.26 
 PDA Dip Den       606.44 
