##############
##  JACoPO  ##
##############

JACoPO: Just Another COupling Program, Obviously
JACoPO.py  Copyright (C) 2016  Daniele Padula, Marco Campetella


###################################
##  Coupling Transition Charges  ##
###################################

Coupling calculated from transition charges according to
J. Phys. Chem. B, 2006, 110, 17268

Donor Structure and Charges:
 C     0.000000    1.394991    2.000000    0.095611
 C     1.208097    0.697495    2.000000    0.047806
 C     1.208097   -0.697495    2.000000   -0.047806
 C     0.000000   -1.394991    2.000000   -0.095611
 C    -1.208097   -0.697495    2.000000   -0.047806
 C    -1.208097    0.697495    2.000000    0.047806
 H     0.000000    2.494601    2.000000    0.063673
 H     2.160388    1.247300    2.000000    0.031832
 H     2.160388   -1.247300    2.000000   -0.031832
 H     0.000000   -2.494601    2.000000   -0.063673
 H    -2.160388   -1.247300    2.000000   -0.031832
 H    -2.160388    1.247300    2.000000    0.031832

Donor Electric Transition Dipole Moment from Transition Charges in a.u.:
       x        y        z            norm
  0.0000   1.6566   0.0000          1.6566


Acceptor structure and Charges:
 C     0.000000    1.394991   -2.000000    0.095611
 C     1.208097    0.697495   -2.000000    0.047806
 C     1.208097   -0.697495   -2.000000   -0.047806
 C     0.000000   -1.394991   -2.000000   -0.095611
 C    -1.208097   -0.697495   -2.000000   -0.047806
 C    -1.208097    0.697495   -2.000000    0.047806
 H     0.000000    2.494601   -2.000000    0.063673
 H     2.160388    1.247300   -2.000000    0.031832
 H     2.160388   -1.247300   -2.000000   -0.031832
 H     0.000000   -2.494601   -2.000000   -0.063673
 H    -2.160388   -1.247300   -2.000000   -0.031832
 H    -2.160388    1.247300   -2.000000    0.031832

Acceptor Electric Transition Dipole Moment from Transition Charges in a.u.:
       x        y        z            norm
  0.0000   1.6566  -0.0000          1.6566


Orientation Factor:
1.00      

Electronic Coupling according to PDA from Dipoles from Transition Charges in cm-1:
1394.54   

Electronic Coupling in cm-1:
793.57    


#####################################
##  Coupling Transition Densities  ##
#####################################

Coupling calculated from transition densities according to
J. Phys. Chem. B, 1998, 102, 5378


Donor Electric Transition Dipole Moment from Transition Density in a.u.:
       x        y        z            norm
  0.0000   1.7624  -0.0000          1.7624


Acceptor Electric Transition Dipole Moment from Transition Density in a.u.:
       x        y        z            norm
  0.0000   1.7624  -0.0000          1.7624


Orientation Factor:
1.00      

Electronic Coupling according to PDA from Dipoles from Transition Densities in cm-1:
1578.41   

Electronic Coupling in cm-1:
1405.32   


#####################
##  Results Table  ##
#####################


# Method          Coupling (cm-1)
#--------------------------------
 Tr Chgs           793.57 
 PDA Dip Chgs     1394.54 
 Tr Den           1405.32 
 PDA Dip Den      1578.41 
