############################################################
##                         JACoPO                         ##
############################################################

JACoPO: Just Another COupling Program, Obviously
JACoPO Copyright (C) 2016 Daniele Padula, Marco Campetella

============================================================
Results of the calculation with the TDC method


------------------------------------------------------------
               Transition Dipole Moments (au)               

----------------------   Monomer 1   -----------------------
Method        x            y            z          norm
------------------------------------------------------------
TDC       0.000031     1.762409     0.000627     1.762410

----------------------   Monomer 2   -----------------------
Method        x            y            z          norm
------------------------------------------------------------
TDC       0.000031     1.762409    -0.000659     1.762410
------------------------------------------------------------

Orientation Factor TDC:   1.0000

------------------------------------------------------------
                         Couplings                          

Method                         cm-1           eV
------------------------------------------------------------
TDC                   1404.22322431   1.74097475e-01
PDA Dip TDC           1578.41619740   1.95694153e-01
============================================================

Calculation Time: 00:00:04
