##############
##  JACoPO  ##
##############

JACoPO: Just Another COupling Program, Obviously
JACoPO.py  Copyright (C) 2016  Daniele Padula, Marco Campetella


#####################################
##  Coupling Transition Densities  ##
#####################################

Coupling calculated from transition densities according to
J. Phys. Chem. B, 1998, 102, 5378


Structure and Transition Density Cube in temp.cub moved to match geometry in 1.inc
RMSD (Ang):   0.0000

Donor Electric Transition Dipole Moment from Transition Density in a.u.:
       x        y        z            norm
  0.0000   1.7624  -0.0000          1.7624


Structure and Transition Density Cube in temp.cub moved to match geometry in 2.inc
RMSD (Ang):   0.0000

Acceptor Electric Transition Dipole Moment from Transition Density in a.u.:
       x        y        z            norm
  0.0000   1.7624  -0.0000          1.7624


Orientation Factor:
1.00      

Electronic Coupling according to PDA from Dipoles from Transition Densities in cm-1:
1578.409278   

Electronic Coupling in cm-1:
1405.318710   


#####################
##  Results Table  ##
#####################


# Method          Coupling (cm-1)
#--------------------------------
 Tr Den             1405.318710 
 PDA Dip Den        1578.409278 
