############################################################
##                         JACoPO                         ##
############################################################

JACoPO: Just Another COupling Program, Obviously
JACoPO Copyright (C) 2016 Daniele Padula, Marco Campetella

============================================================
Options

Chgs1File            None                
Chgs2File            None                
Coup                 tdc                 
Cub1File             temp.cub            
Cub2File             temp.cub            
Dip1File             None                
Dip2File             None                
Fac1                 1.0                 
Fac2                 1.0                 
FinGeo1File          1.inc               
FinGeo2File          2.inc               
IniGeo1File          None                
IniGeo2File          None                
SaveCub              False               
Sel1Cub              None                
Sel1Geo              None                
Sel2Cub              cub2sel.txt         
Sel2Geo              geo2sel.txt         
SkipCoup             False               
Thresh               1e-05               
Verb                 3                   
============================================================


============================================================
Monomer 1


21

C        -0.33748610    -1.44761768     0.65293808
C         0.01309972    -0.62922380     1.75700922
C        -1.41587936    -2.22383670     1.04881524
H        -1.94537881    -2.96149584     0.46671979
C        -1.70469983    -1.86777289     2.38305916
H        -2.47399070    -2.25092205     3.03696658
N        -0.85710919    -0.92101213     2.80513566
C         1.00993822     0.32651034     1.90987709
H         1.67310193     0.53372266     1.07812794
C         1.83111519     2.37547091     4.78350153
H         2.33821107     3.10612983     5.39369585
C         0.73377992     1.58628849     5.18779343
H         0.22313683     1.56950912     6.13919699
C         2.11375569     2.02452089     3.47235122
H         2.89014384     2.42201826     2.83596109
C         1.18021809     1.02397774     3.09942630
N         0.34602770     0.78320897     4.18898118
B        -0.83438895    -0.24976865     4.22305789
F        -2.03808019     0.40980547     4.45729299
F        -0.59777689    -1.21151662     5.20174696
H         0.15382019    -1.44761768    -0.29759762
============================================================


============================================================
Monomer 2


21

C         0.33748610    -1.44761768    -0.65293808
C        -0.01309972    -0.62922380    -1.75700922
C         1.41587936    -2.22383670    -1.04881524
H         0.85710919    -0.92101213    -2.80513566
C        -1.00993822     0.32651034    -1.90987709
H         1.94537881    -2.96149584    -0.46671979
N         1.70469983    -1.86777289    -2.38305916
C         0.83438895    -0.24976865    -4.22305789
H        -1.67310193     0.53372266    -1.07812794
C        -1.18021809     1.02397774    -3.09942630
H         2.47399070    -2.25092205    -3.03696658
C        -0.34602770     0.78320897    -4.18898118
H         2.03808019     0.40980547    -4.45729299
C         0.59777689    -1.21151662    -5.20174696
H        -2.11375569     2.02452089    -3.47235122
C        -0.73377992     1.58628849    -5.18779343
N        -1.83111519     2.37547091    -4.78350153
B        -2.89014384     2.42201826    -2.83596109
F        -0.22313683     1.56950912    -6.13919699
F        -2.33821107     3.10612983    -5.39369585
H        -0.15382019    -1.44761768     0.29759762
============================================================


============================================================
Transformation of geometry from temp.cub to 1.inc

RMSD (Ang):     0.00194733
============================================================

============================================================
Transformation of geometry from temp.cub to 2.inc

RMSD (Ang):     0.00194733
============================================================

============================================================
Results of the calculation with the TDC method


------------------------------------------------------------
               Transition Dipole Moments (au)               

----------------------   Monomer 1   -----------------------
Method        x            y            z          norm
------------------------------------------------------------
TDC       1.223421     1.731790     1.402756     2.542357

----------------------   Monomer 2   -----------------------
Method        x            y            z          norm
------------------------------------------------------------
TDC      -1.223421     1.731790    -1.402756     2.542357
------------------------------------------------------------

Orientation Factor TDC:   0.8965

------------------------------------------------------------
                         Couplings                          

Method                         cm-1           eV
------------------------------------------------------------
TDC                    530.39501901   6.57590843e-02
PDA Dip TDC            559.95654224   6.94241615e-02
============================================================

